[0m14:40:59.302170 [debug] [MainThread]: Sending event: {'category': 'dbt', 'action': 'invocation', 'label': 'start', 'context': [<snowplow_tracker.self_describing_json.SelfDescribingJson object at 0x000001B6AD06E600>, <snowplow_tracker.self_describing_json.SelfDescribingJson object at 0x000001B6AE8B3DA0>, <snowplow_tracker.self_describing_json.SelfDescribingJson object at 0x000001B6AE8B57C0>]}


============================== 14:40:59.331895 | 61d26cbf-33c3-4345-93cf-570445266621 ==============================
[0m14:40:59.331895 [info ] [MainThread]: Running with dbt=1.11.2
[0m14:40:59.332910 [debug] [MainThread]: running dbt with arguments {'version_check': 'True', 'no_print': 'None', 'static_parser': 'True', 'target_path': 'None', 'warn_error_options': 'WarnErrorOptionsV2(error=[], warn=[], silence=[])', 'printer_width': '80', 'write_json': 'True', 'introspect': 'True', 'log_cache_events': 'False', 'empty': 'None', 'cache_selected_only': 'False', 'fail_fast': 'False', 'debug': 'False', 'log_format': 'default', 'profiles_dir': 'C:\\Users\\hienn\\.dbt', 'send_anonymous_usage_stats': 'True', 'quiet': 'False', 'warn_error': 'None', 'partial_parse': 'True', 'indirect_selection': 'eager', 'invocation_command': 'dbt init', 'use_colors': 'True', 'use_experimental_parser': 'False', 'log_path': 'logs'}
[0m14:40:59.387942 [info ] [MainThread]: Creating dbt configuration folder at C:\Users\hienn\.dbt
[0m14:42:01.418791 [debug] [MainThread]: Starter project path: C:\Users\hienn\Downloads\Work\CODE\py_training\dbt_snowflake\.venv\Lib\site-packages\dbt\include\starter_project
[0m14:42:01.440191 [info ] [MainThread]: 
Your new dbt project "aws_dbt_snowflake_project" was created!

For more information on how to configure the profiles.yml file,
please consult the dbt documentation here:

  https://docs.getdbt.com/docs/configure-your-profile

One more thing:

Need help? Don't hesitate to reach out to us via GitHub issues or on Slack:

  https://community.getdbt.com/

Happy modeling!

[0m14:42:01.441208 [info ] [MainThread]: Setting up your profile.
[0m14:42:24.834976 [debug] [MainThread]: Snowflake adapter: Setting snowflake.connector to ERROR (file logging only)
[0m14:42:24.835995 [debug] [MainThread]: Snowflake adapter: Setting botocore to ERROR (file logging only)
[0m14:42:24.835995 [debug] [MainThread]: Snowflake adapter: Setting boto3 to ERROR (file logging only)
[0m14:44:46.451018 [info ] [MainThread]: Profile aws_dbt_snowflake_project written to C:\Users\hienn\.dbt\profiles.yml using target's profile_template.yml and your supplied values. Run 'dbt debug' to validate the connection.
[0m14:44:46.452044 [debug] [MainThread]: Command `dbt init` succeeded at 14:44:46.452044 after 227.23 seconds
[0m14:44:46.453064 [debug] [MainThread]: Sending event: {'category': 'dbt', 'action': 'invocation', 'label': 'end', 'context': [<snowplow_tracker.self_describing_json.SelfDescribingJson object at 0x000001B6AFDB2900>, <snowplow_tracker.self_describing_json.SelfDescribingJson object at 0x000001B6B0803770>, <snowplow_tracker.self_describing_json.SelfDescribingJson object at 0x000001B6B08035C0>]}
[0m14:44:46.453064 [debug] [MainThread]: Flushing usage events
[0m14:44:46.869096 [debug] [MainThread]: An error was encountered while trying to flush usage events
[0m16:01:38.243127 [debug] [MainThread]: Sending event: {'category': 'dbt', 'action': 'invocation', 'label': 'start', 'context': [<snowplow_tracker.self_describing_json.SelfDescribingJson object at 0x00000266B4D7D6D0>, <snowplow_tracker.self_describing_json.SelfDescribingJson object at 0x00000266B52B81A0>, <snowplow_tracker.self_describing_json.SelfDescribingJson object at 0x00000266B2B1A210>]}


============================== 16:01:38.247170 | 94fc882e-797c-497a-89dc-40c58e366042 ==============================
[0m16:01:38.247170 [info ] [MainThread]: Running with dbt=1.11.2
[0m16:01:38.247170 [debug] [MainThread]: running dbt with arguments {'static_parser': 'True', 'no_print': 'None', 'version_check': 'True', 'target_path': 'None', 'warn_error_options': 'WarnErrorOptionsV2(error=[], warn=[], silence=[])', 'printer_width': '80', 'write_json': 'True', 'introspect': 'True', 'log_cache_events': 'False', 'empty': 'False', 'cache_selected_only': 'False', 'log_format': 'default', 'debug': 'False', 'fail_fast': 'False', 'partial_parse': 'True', 'send_anonymous_usage_stats': 'True', 'quiet': 'False', 'warn_error': 'None', 'profiles_dir': 'C:\\Users\\hienn\\.dbt', 'invocation_command': 'dbt run -s models/demo', 'use_colors': 'True', 'indirect_selection': 'eager', 'use_experimental_parser': 'False', 'log_path': 'logs'}
[0m16:01:38.247170 [error] [MainThread]: Encountered an error:
Runtime Error
  No dbt_project.yml found at expected path C:\Users\hienn\Downloads\Work\CODE\py_training\dbt_snowflake\dbt_project.yml
  Verify that each entry within packages.yml (and their transitive dependencies) contains a file named dbt_project.yml
  
[0m16:01:38.248184 [debug] [MainThread]: Command `dbt run` failed at 16:01:38.248184 after 0.09 seconds
[0m16:01:38.248184 [debug] [MainThread]: Sending event: {'category': 'dbt', 'action': 'invocation', 'label': 'end', 'context': [<snowplow_tracker.self_describing_json.SelfDescribingJson object at 0x00000266B4B997F0>, <snowplow_tracker.self_describing_json.SelfDescribingJson object at 0x00000266B13F5DF0>, <snowplow_tracker.self_describing_json.SelfDescribingJson object at 0x00000266B543B350>]}
[0m16:01:38.249199 [debug] [MainThread]: Flushing usage events
[0m16:01:38.661659 [debug] [MainThread]: An error was encountered while trying to flush usage events
[0m11:33:38.615490 [debug] [MainThread]: Sending event: {'category': 'dbt', 'action': 'invocation', 'label': 'start', 'context': [<snowplow_tracker.self_describing_json.SelfDescribingJson object at 0x0000029D412BD580>, <snowplow_tracker.self_describing_json.SelfDescribingJson object at 0x0000029D41ED55E0>, <snowplow_tracker.self_describing_json.SelfDescribingJson object at 0x0000029D41ED42F0>]}


============================== 11:33:38.619555 | 9249db6e-8f21-4489-a866-04f676fa28ce ==============================
[0m11:33:38.619555 [info ] [MainThread]: Running with dbt=1.11.2
[0m11:33:38.620061 [debug] [MainThread]: running dbt with arguments {'version_check': 'True', 'no_print': 'None', 'static_parser': 'True', 'warn_error_options': 'WarnErrorOptionsV2(error=[], warn=[], silence=[])', 'target_path': 'None', 'printer_width': '80', 'write_json': 'True', 'empty': 'False', 'log_cache_events': 'False', 'introspect': 'True', 'cache_selected_only': 'False', 'fail_fast': 'False', 'debug': 'False', 'log_format': 'default', 'profiles_dir': 'C:\\Users\\hienn\\.dbt', 'send_anonymous_usage_stats': 'True', 'quiet': 'False', 'warn_error': 'None', 'partial_parse': 'True', 'use_colors': 'True', 'invocation_command': 'dbt run', 'indirect_selection': 'eager', 'use_experimental_parser': 'False', 'log_path': 'logs'}
[0m11:33:38.620559 [error] [MainThread]: Encountered an error:
Runtime Error
  No dbt_project.yml found at expected path C:\Users\hienn\Downloads\Work\CODE\py_training\dbt_snowflake\dbt_project.yml
  Verify that each entry within packages.yml (and their transitive dependencies) contains a file named dbt_project.yml
  
[0m11:33:38.620559 [debug] [MainThread]: Command `dbt run` failed at 11:33:38.620559 after 0.10 seconds
[0m11:33:38.621639 [debug] [MainThread]: Sending event: {'category': 'dbt', 'action': 'invocation', 'label': 'end', 'context': [<snowplow_tracker.self_describing_json.SelfDescribingJson object at 0x0000029D4468FDD0>, <snowplow_tracker.self_describing_json.SelfDescribingJson object at 0x0000029D441F0B60>, <snowplow_tracker.self_describing_json.SelfDescribingJson object at 0x0000029D43997920>]}
[0m11:33:38.621639 [debug] [MainThread]: Flushing usage events
[0m11:33:39.032109 [debug] [MainThread]: An error was encountered while trying to flush usage events
[0m17:41:26.187952 [debug] [MainThread]: Sending event: {'category': 'dbt', 'action': 'invocation', 'label': 'start', 'context': [<snowplow_tracker.self_describing_json.SelfDescribingJson object at 0x0000022CBFB61100>, <snowplow_tracker.self_describing_json.SelfDescribingJson object at 0x0000022CC2B32FC0>, <snowplow_tracker.self_describing_json.SelfDescribingJson object at 0x0000022CBF2519A0>]}


============================== 17:41:26.192020 | 60506729-b36a-4a07-9188-658c5d89a8ef ==============================
[0m17:41:26.192020 [info ] [MainThread]: Running with dbt=1.11.2
[0m17:41:26.192020 [debug] [MainThread]: running dbt with arguments {'static_parser': 'True', 'no_print': 'None', 'version_check': 'True', 'target_path': 'None', 'warn_error_options': 'WarnErrorOptionsV2(error=[], warn=[], silence=[])', 'printer_width': '80', 'write_json': 'True', 'introspect': 'True', 'log_cache_events': 'False', 'empty': 'False', 'cache_selected_only': 'False', 'log_format': 'default', 'debug': 'False', 'fail_fast': 'False', 'profiles_dir': 'C:\\Users\\hienn\\.dbt', 'send_anonymous_usage_stats': 'True', 'quiet': 'False', 'warn_error': 'None', 'partial_parse': 'True', 'invocation_command': 'dbt compile', 'indirect_selection': 'eager', 'use_colors': 'True', 'use_experimental_parser': 'False', 'log_path': 'logs'}
[0m17:41:26.193065 [error] [MainThread]: Encountered an error:
Runtime Error
  No dbt_project.yml found at expected path C:\Users\hienn\Downloads\Work\CODE\py_training\dbt_snowflake\dbt_project.yml
  Verify that each entry within packages.yml (and their transitive dependencies) contains a file named dbt_project.yml
  
[0m17:41:26.193065 [debug] [MainThread]: Command `dbt compile` failed at 17:41:26.193065 after 0.10 seconds
[0m17:41:26.193065 [debug] [MainThread]: Sending event: {'category': 'dbt', 'action': 'invocation', 'label': 'end', 'context': [<snowplow_tracker.self_describing_json.SelfDescribingJson object at 0x0000022CC2A332F0>, <snowplow_tracker.self_describing_json.SelfDescribingJson object at 0x0000022CC2B32FC0>, <snowplow_tracker.self_describing_json.SelfDescribingJson object at 0x0000022CC2DEC680>]}
[0m17:41:26.194088 [debug] [MainThread]: Flushing usage events
[0m17:41:26.618440 [debug] [MainThread]: An error was encountered while trying to flush usage events
